{"timestamp": "2026-09-14T15:52:10.303914+00:00", "level": "INFO", "logger": "pipeline.main", "message": "iniciando execução do pipeline", "batch_id": "evidencia-002", "env": "local", "catalog": "nova_rota", "bronze_schema": "bronze", "silver_schema": "silver", "gold_schema": "gold", "base_path": "C:\\nova-rota-lakehouse\\data\\lakehouse", "raw_path": "C:\\nova-rota-lakehouse\\data\\raw\\nova_rota_input", "checkpoint_path": "C:\\nova-rota-lakehouse\\data\\checkpoints", "quarantine_path": "C:\\nova-rota-lakehouse\\data\\lakehouse\\_quarentena", "data_referencia": "2026-09-14", "run_mode": "incremental"}
:: loading settings :: url = jar:file:/C:/nova-rota-lakehouse/.venv/Lib/site-packages/pyspark/jars/ivy-2.5.1.jar!/org/apache/ivy/core/settings/ivysettings.xml
Ivy Default Cache set to: C:\Users\janei\.ivy2\cache
The jars for the packages stored in: C:\Users\janei\.ivy2\jars
io.delta#delta-spark_2.12 added as a dependency
:: resolving dependencies :: org.apache.spark#spark-submit-parent-b671135e-a119-4dab-ae83-18a6f643facd;1.0
	confs: [default]
	found io.delta#delta-spark_2.12;3.2.0 in central
	found io.delta#delta-storage;3.2.0 in central
	found org.antlr#antlr4-runtime;4.9.3 in central
:: resolution report :: resolve 99ms :: artifacts dl 4ms
	:: modules in use:
	io.delta#delta-spark_2.12;3.2.0 from central in [default]
	io.delta#delta-storage;3.2.0 from central in [default]
	org.antlr#antlr4-runtime;4.9.3 from central in [default]
	---------------------------------------------------------------------
	|                  |            modules            ||   artifacts   |
	|       conf       | number| search|dwnlded|evicted|| number|dwnlded|
	---------------------------------------------------------------------
	|      default     |   3   |   0   |   0   |   0   ||   3   |   0   |
	---------------------------------------------------------------------
:: retrieving :: org.apache.spark#spark-submit-parent-b671135e-a119-4dab-ae83-18a6f643facd
	confs: [default]
	0 artifacts copied, 3 already retrieved (0kB/4ms)
Setting default log level to "WARN".
To adjust logging level use sc.setLogLevel(newLevel). For SparkR, use setLogLevel(newLevel).
{"timestamp": "2026-09-14T15:52:19.230263+00:00", "level": "INFO", "logger": "ingestion.bronze", "message": "iniciando ingestão bronze", "batch_id": "evidencia-002", "run_mode": "incremental"}
26/09/14 12:52:26 WARN SparkStringUtils: Truncated the string representation of a plan since it was too large. This behavior can be adjusted by setting 'spark.sql.debug.maxToStringFields'.
{"timestamp": "2026-09-14T15:52:29.372094+00:00", "level": "INFO", "logger": "ingestion.bronze", "message": "arquivos pendentes encontrados", "batch_id": "evidencia-002", "source": "clientes", "qtd": 1, "arquivos": ["clientes_cdc.csv"]}
{"timestamp": "2026-09-14T15:52:31.681165+00:00", "level": "INFO", "logger": "ingestion.bronze", "message": "ingestão concluída", "batch_id": "evidencia-002", "source": "clientes", "tabela": "bronze_clientes_cdc", "linhas": 38}
{"timestamp": "2026-09-14T15:52:33.213063+00:00", "level": "INFO", "logger": "ingestion.bronze", "message": "arquivos pendentes encontrados", "batch_id": "evidencia-002", "source": "contas", "qtd": 1, "arquivos": ["contas_cdc.csv"]}
{"timestamp": "2026-09-14T15:52:34.651432+00:00", "level": "INFO", "logger": "ingestion.bronze", "message": "ingestão concluída", "batch_id": "evidencia-002", "source": "contas", "tabela": "bronze_contas_cdc", "linhas": 41}
{"timestamp": "2026-09-14T15:52:35.761231+00:00", "level": "INFO", "logger": "ingestion.bronze", "message": "arquivos pendentes encontrados", "batch_id": "evidencia-002", "source": "cartoes", "qtd": 1, "arquivos": ["cartoes_cdc.csv"]}
{"timestamp": "2026-09-14T15:52:37.050573+00:00", "level": "INFO", "logger": "ingestion.bronze", "message": "ingestão concluída", "batch_id": "evidencia-002", "source": "cartoes", "tabela": "bronze_cartoes_cdc", "linhas": 49}
{"timestamp": "2026-09-14T15:52:38.000173+00:00", "level": "INFO", "logger": "ingestion.bronze", "message": "arquivos pendentes encontrados", "batch_id": "evidencia-002", "source": "transacoes", "qtd": 5, "arquivos": ["transacoes\\transacoes_2026-01-31.csv", "transacoes\\transacoes_2026-02-28.csv", "transacoes\\transacoes_2026-03-31.csv", "transacoes\\transacoes_2026-04-05_late.csv", "transacoes\\transacoes_2026-04-10_schema_v2.csv"]}
{"timestamp": "2026-09-14T15:52:40.054711+00:00", "level": "INFO", "logger": "ingestion.bronze", "message": "ingestão concluída", "batch_id": "evidencia-002", "source": "transacoes", "tabela": "bronze_transacoes", "linhas": 581}
{"timestamp": "2026-09-14T15:52:41.024484+00:00", "level": "INFO", "logger": "ingestion.bronze", "message": "arquivos pendentes encontrados", "batch_id": "evidencia-002", "source": "eventos_risco", "qtd": 1, "arquivos": ["eventos_risco.csv"]}
{"timestamp": "2026-09-14T15:52:42.334460+00:00", "level": "INFO", "logger": "ingestion.bronze", "message": "ingestão concluída", "batch_id": "evidencia-002", "source": "eventos_risco", "tabela": "bronze_eventos_risco", "linhas": 30}
{"timestamp": "2026-09-14T15:52:43.283557+00:00", "level": "INFO", "logger": "ingestion.bronze", "message": "arquivos pendentes encontrados", "batch_id": "evidencia-002", "source": "estornos", "qtd": 1, "arquivos": ["estornos.csv"]}
{"timestamp": "2026-09-14T15:52:44.489150+00:00", "level": "INFO", "logger": "ingestion.bronze", "message": "ingestão concluída", "batch_id": "evidencia-002", "source": "estornos", "tabela": "bronze_estornos", "linhas": 20}
{"timestamp": "2026-09-14T15:52:44.489150+00:00", "level": "INFO", "logger": "ingestion.bronze", "message": "ingestão bronze finalizada", "batch_id": "evidencia-002", "resultados": [{"source": "clientes", "arquivos_processados": 1, "linhas_ingeridas": 38}, {"source": "contas", "arquivos_processados": 1, "linhas_ingeridas": 41}, {"source": "cartoes", "arquivos_processados": 1, "linhas_ingeridas": 49}, {"source": "transacoes", "arquivos_processados": 5, "linhas_ingeridas": 581}, {"source": "eventos_risco", "arquivos_processados": 1, "linhas_ingeridas": 30}, {"source": "estornos", "arquivos_processados": 1, "linhas_ingeridas": 20}]}
{"timestamp": "2026-09-14T15:52:44.489150+00:00", "level": "INFO", "logger": "silver.run", "message": "iniciando processamento silver", "batch_id": "evidencia-002", "run_mode": "incremental"}
{"timestamp": "2026-09-14T15:52:47.248490+00:00", "level": "INFO", "logger": "silver.clientes", "message": "quality gate aplicado", "batch_id": "evidencia-002", "validos": 37, "quarentena": 1}
{"timestamp": "2026-09-14T15:52:51.519935+00:00", "level": "INFO", "logger": "silver.clientes", "message": "SCD2 aplicado", "batch_id": "evidencia-002", "chaves_afetadas": 31, "versoes_gravadas": 36}
{"timestamp": "2026-09-14T15:52:56.416335+00:00", "level": "INFO", "logger": "silver.contas", "message": "quality gate aplicado", "batch_id": "evidencia-002", "validos": 40, "quarentena": 1}
{"timestamp": "2026-09-14T15:52:59.296247+00:00", "level": "INFO", "logger": "silver.contas", "message": "SCD2 aplicado", "batch_id": "evidencia-002", "chaves_afetadas": 35, "versoes_gravadas": 39}
{"timestamp": "2026-09-14T15:53:04.109851+00:00", "level": "INFO", "logger": "silver.cartoes", "message": "quality gate aplicado", "batch_id": "evidencia-002", "validos": 48, "quarentena": 1}
{"timestamp": "2026-09-14T15:53:06.549228+00:00", "level": "INFO", "logger": "silver.cartoes", "message": "SCD2 aplicado", "batch_id": "evidencia-002", "chaves_afetadas": 41, "versoes_gravadas": 48}
{"timestamp": "2026-09-14T15:53:11.383026+00:00", "level": "INFO", "logger": "silver.transacoes", "message": "quality gate aplicado", "batch_id": "evidencia-002", "validos": 578, "quarentena": 3}
{"timestamp": "2026-09-14T15:53:13.172102+00:00", "level": "INFO", "logger": "silver.transacoes", "message": "MERGE concluído", "batch_id": "evidencia-002", "registros_processados": 575}
{"timestamp": "2026-09-14T15:53:17.469225+00:00", "level": "INFO", "logger": "silver.eventos_risco", "message": "quality gate aplicado", "batch_id": "evidencia-002", "validos": 29, "quarentena": 1}
{"timestamp": "2026-09-14T15:53:19.102813+00:00", "level": "INFO", "logger": "silver.eventos_risco", "message": "MERGE concluído", "batch_id": "evidencia-002", "registros_processados": 28}
{"timestamp": "2026-09-14T15:53:22.479789+00:00", "level": "INFO", "logger": "silver.estornos", "message": "quality gate aplicado", "batch_id": "evidencia-002", "validos": 19, "quarentena": 1}
{"timestamp": "2026-09-14T15:53:24.007329+00:00", "level": "INFO", "logger": "silver.estornos", "message": "MERGE concluído", "batch_id": "evidencia-002", "registros_processados": 19}
{"timestamp": "2026-09-14T15:53:24.007329+00:00", "level": "INFO", "logger": "silver.run", "message": "processamento silver finalizado", "batch_id": "evidencia-002", "resultados": [{"entidade": "clientes", "validos": 37, "quarentena": 1, "chaves_afetadas": 31}, {"entidade": "contas", "validos": 40, "quarentena": 1, "chaves_afetadas": 35}, {"entidade": "cartoes", "validos": 48, "quarentena": 1, "chaves_afetadas": 41}, {"entidade": "transacoes", "validos": 578, "quarentena": 3, "gravados": 575}, {"entidade": "eventos_risco", "validos": 29, "quarentena": 1, "gravados": 28}, {"entidade": "estornos", "validos": 19, "quarentena": 1, "gravados": 19}]}
{"timestamp": "2026-09-14T15:53:24.007329+00:00", "level": "INFO", "logger": "gold.run", "message": "iniciando processamento gold", "batch_id": "evidencia-002", "run_mode": "incremental"}
{"timestamp": "2026-09-14T15:53:28.967732+00:00", "level": "INFO", "logger": "gold.fato_transacao", "message": "gold_fato_transacao atualizada", "batch_id": "evidencia-002", "registros": 575}
{"timestamp": "2026-09-14T15:53:37.453795+00:00", "level": "INFO", "logger": "gold.cliente_mes", "message": "gold_cliente_mes atualizada", "batch_id": "evidencia-002", "pares_recalculados": 105}
{"timestamp": "2026-09-14T15:53:40.221068+00:00", "level": "INFO", "logger": "gold.indicadores_risco", "message": "gold_indicadores_risco atualizada", "batch_id": "evidencia-002", "pares_recalculados": 105}
26/09/14 12:53:44 WARN WindowExec: No Partition Defined for Window operation! Moving all data to a single partition, this can cause serious performance degradation.
26/09/14 12:53:44 WARN WindowExec: No Partition Defined for Window operation! Moving all data to a single partition, this can cause serious performance degradation.
26/09/14 12:53:44 WARN WindowExec: No Partition Defined for Window operation! Moving all data to a single partition, this can cause serious performance degradation.
26/09/14 12:53:44 WARN WindowExec: No Partition Defined for Window operation! Moving all data to a single partition, this can cause serious performance degradation.
26/09/14 12:53:44 WARN WindowExec: No Partition Defined for Window operation! Moving all data to a single partition, this can cause serious performance degradation.
26/09/14 12:53:44 WARN WindowExec: No Partition Defined for Window operation! Moving all data to a single partition, this can cause serious performance degradation.
26/09/14 12:53:44 WARN WindowExec: No Partition Defined for Window operation! Moving all data to a single partition, this can cause serious performance degradation.
26/09/14 12:53:44 WARN WindowExec: No Partition Defined for Window operation! Moving all data to a single partition, this can cause serious performance degradation.
26/09/14 12:53:44 WARN WindowExec: No Partition Defined for Window operation! Moving all data to a single partition, this can cause serious performance degradation.
26/09/14 12:53:44 WARN WindowExec: No Partition Defined for Window operation! Moving all data to a single partition, this can cause serious performance degradation.
26/09/14 12:53:44 WARN WindowExec: No Partition Defined for Window operation! Moving all data to a single partition, this can cause serious performance degradation.
26/09/14 12:53:44 WARN WindowExec: No Partition Defined for Window operation! Moving all data to a single partition, this can cause serious performance degradation.
26/09/14 12:53:44 WARN WindowExec: No Partition Defined for Window operation! Moving all data to a single partition, this can cause serious performance degradation.
26/09/14 12:53:44 WARN WindowExec: No Partition Defined for Window operation! Moving all data to a single partition, this can cause serious performance degradation.
26/09/14 12:53:44 WARN WindowExec: No Partition Defined for Window operation! Moving all data to a single partition, this can cause serious performance degradation.
26/09/14 12:53:44 WARN WindowExec: No Partition Defined for Window operation! Moving all data to a single partition, this can cause serious performance degradation.
26/09/14 12:53:44 WARN WindowExec: No Partition Defined for Window operation! Moving all data to a single partition, this can cause serious performance degradation.
26/09/14 12:53:44 WARN WindowExec: No Partition Defined for Window operation! Moving all data to a single partition, this can cause serious performance degradation.
{"timestamp": "2026-09-14T15:53:46.132461+00:00", "level": "INFO", "logger": "gold.features_cliente", "message": "gold_features_cliente atualizada", "batch_id": "evidencia-002", "registros": 31}
{"timestamp": "2026-09-14T15:53:46.132461+00:00", "level": "INFO", "logger": "gold.run", "message": "processamento gold finalizado", "batch_id": "evidencia-002", "resultados": {"gold_fato_transacao": {"tabela": "gold_fato_transacao", "gravados": 575}, "dimensoes": {"gold_dim_cliente": 31, "gold_dim_conta": 35, "gold_dim_cartao": 41, "gold_dim_estabelecimento": 49}, "gold_cliente_mes": {"tabela": "gold_cliente_mes", "gravados": 105}, "gold_indicadores_risco": {"tabela": "gold_indicadores_risco", "gravados": 105}, "gold_features_cliente": {"tabela": "gold_features_cliente", "gravados": 31}}}
26/09/14 12:53:46 WARN SparkEnv: Exception while deleting Spark temp dir: C:\Users\janei\AppData\Local\Temp\spark-02a08e58-8ddb-45fe-b5d9-6022e3c70950\userFiles-a94c33cb-258d-484e-9afa-59100a95073f
java.io.IOException: Failed to delete: C:\Users\janei\AppData\Local\Temp\spark-02a08e58-8ddb-45fe-b5d9-6022e3c70950\userFiles-a94c33cb-258d-484e-9afa-59100a95073f\org.antlr_antlr4-runtime-4.9.3.jar
	at org.apache.spark.network.util.JavaUtils.deleteRecursivelyUsingJavaIO(JavaUtils.java:146)
	at org.apache.spark.network.util.JavaUtils.deleteRecursively(JavaUtils.java:117)
	at org.apache.spark.network.util.JavaUtils.deleteRecursivelyUsingJavaIO(JavaUtils.java:129)
	at org.apache.spark.network.util.JavaUtils.deleteRecursively(JavaUtils.java:117)
	at org.apache.spark.network.util.JavaUtils.deleteRecursively(JavaUtils.java:90)
	at org.apache.spark.util.SparkFileUtils.deleteRecursively(SparkFileUtils.scala:121)
	at org.apache.spark.util.SparkFileUtils.deleteRecursively$(SparkFileUtils.scala:120)
	at org.apache.spark.util.Utils$.deleteRecursively(Utils.scala:1126)
	at org.apache.spark.SparkEnv.stop(SparkEnv.scala:108)
	at org.apache.spark.SparkContext.$anonfun$stop$25(SparkContext.scala:2310)
	at org.apache.spark.util.Utils$.tryLogNonFatalError(Utils.scala:1375)
	at org.apache.spark.SparkContext.stop(SparkContext.scala:2310)
	at org.apache.spark.SparkContext.stop(SparkContext.scala:2216)
	at org.apache.spark.api.java.JavaSparkContext.stop(JavaSparkContext.scala:550)
	at java.base/jdk.internal.reflect.NativeMethodAccessorImpl.invoke0(Native Method)
	at java.base/jdk.internal.reflect.NativeMethodAccessorImpl.invoke(NativeMethodAccessorImpl.java:77)
	at java.base/jdk.internal.reflect.DelegatingMethodAccessorImpl.invoke(DelegatingMethodAccessorImpl.java:43)
	at java.base/java.lang.reflect.Method.invoke(Method.java:569)
	at py4j.reflection.MethodInvoker.invoke(MethodInvoker.java:244)
	at py4j.reflection.ReflectionEngine.invoke(ReflectionEngine.java:374)
	at py4j.Gateway.invoke(Gateway.java:282)
	at py4j.commands.AbstractCommand.invokeMethod(AbstractCommand.java:132)
	at py4j.commands.CallCommand.execute(CallCommand.java:79)
	at py4j.ClientServerConnection.waitForCommands(ClientServerConnection.java:182)
	at py4j.ClientServerConnection.run(ClientServerConnection.java:106)
	at java.base/java.lang.Thread.run(Thread.java:840)
{"timestamp": "2026-09-14T15:53:46.576029+00:00", "level": "INFO", "logger": "pipeline.main", "message": "pipeline concluído com sucesso", "batch_id": "evidencia-002"}
